// Jest Snapshot v1, https://goo.gl/fbAQLP

exports[`Pruebas en <GifItem /> Debe de hacer match con el snapshoot 1`] = `
<div>
  <div
    class="card"
  >
    <img
      alt="One Punch"
      src="https://onepunch.com/Saitam.jpg"
    />
    <p>
      One Punch
    </p>
  </div>
</div>
`;
